---
source: crates/topos/tests/push-certificate.rs
expression: "utils::sanitize_config_folder_path(result)"
---
Push a certificate to a TCE process

Usage: topos regtest push-certificate [OPTIONS]

Options:
  -f, --format <FORMAT>
          [default: plain] [possible values: json, plain]
  -v, --verbose...
          Defines the verbosity level
      --no-color
          Disable color in logs [env: TOPOS_LOG_NOCOLOR=]
  -t, --timeout <TIMEOUT>
          Global timeout for the command [default: 60]
      --home <HOME>
          Home directory for the configuration [env: TOPOS_HOME=] [default: /home/runner/.config/topos]
      --timeout-broadcast <TIMEOUT_BROADCAST>
          Seconds to wait before asserting the broadcast [default: 30]
  -n, --nodes <NODES>
          The node list to be used, can be a file path or a comma separated list of Uri. If not provided, stdin is listened [env: TARGET_NODES_PATH=]
  -h, --help
          Print help

