---
source: crates/topos/tests/sequencer.rs
expression: result
---
Run a full Topos Sequencer instance

Usage: topos sequencer run [OPTIONS] --subnet-contract-address <SUBNET_CONTRACT_ADDRESS> --subnet-data-dir <SUBNET_DATA_DIR>

Options:
      --subnet-id <SUBNET_ID>
          SubnetId of the local subnet node, hex encoded 32 bytes starting with 0x [env: TOPOS_LOCAL_SUBNET_ID=]
  -v, --verbose...
          Defines the verbosity level
      --home <HOME>
          Home directory for the configuration [env: TOPOS_HOME=] [default: /home/runner/.config/topos]
      --subnet-jsonrpc-endpoint <SUBNET_JSONRPC_ENDPOINT>
          [env: SUBNET_JSONRPC_ENDPOINT=] [default: 127.0.0.1:8545]
      --subnet-contract-address <SUBNET_CONTRACT_ADDRESS>
          [env: SUBNET_CONTRACT_ADDRESS=]
      --base-tce-api-url <BASE_TCE_API_URL>
          Base Uri of TCE node to call grpc service api [env: TOPOS_BASE_TCE_API_URL=] [default: http://[::1]:1340]
      --subnet-data-dir <SUBNET_DATA_DIR>
          Polygon subnet node data dir, containing `consensus/validator.key`, e.g. `../test-chain-1` [env: TOPOS_LOCAL_SUBNET_DATA_DIR=]
      --verifier <VERIFIER>
          Verifier version [env: TOPOS_SEQUENCER_VERIFIER_VERSION=] [default: 0]
      --otlp-agent <OTLP_AGENT>
          Socket of the opentelemetry agent endpoint If not provided open telemetry will not be used [env: TOPOS_OTLP_AGENT=]
      --otlp-service-name <OTLP_SERVICE_NAME>
          Otlp service name If not provided open telemetry will not be used [env: TOPOS_OTLP_SERVICE_NAME=]
  -h, --help
          Print help

