---
source: crates/topos/tests/sequencer.rs
expression: result
---
Run a full Topos Sequencer instance

Usage: topos sequencer run [OPTIONS] --subnet-contract-address <SUBNET_CONTRACT_ADDRESS> --subnet-data-dir <SUBNET_DATA_DIR>

Options:
      --subnet-id <SUBNET_ID>
          SubnetId of the local subnet node [env: TOPOS_LOCAL_SUBNET_ID=] [default: 0000000000000000000000000000000000000000000000000000000000000000]
  -v, --verbose...
          
      --subnet-jsonrpc-endpoint <SUBNET_JSONRPC_ENDPOINT>
          [env: SUBNET_JSONRPC_ENDPOINT=] [default: 127.0.0.1:8545]
      --subnet-contract-address <SUBNET_CONTRACT_ADDRESS>
          [env: SUBNET_CONTRACT_ADDRESS=]
      --base-tce-api-url <BASE_TCE_API_URL>
          Base Uri of TCE node to call grpc service api [env: TOPOS_BASE_TCE_API_URL=] [default: http://[::1]:1340]
      --subnet-data-dir <SUBNET_DATA_DIR>
          Polygon subnet node data dir, containing `consensus/validator.key`, e.g. `../test-chain-1` [env: TOPOS_LOCAL_SUBNET_DATA_DIR=]
      --verifier <VERIFIER>
          Verifier version [env: TOPOS_SEQUENCER_VERIFIER_VERSION=] [default: 0]
  -h, --help
          Print help

