---
source: crates/topos/tests/sequencer.rs
expression: result
---
Run a full Topos Sequencer instance

Usage: topos sequencer run [OPTIONS] --subnet-contract-address <SUBNET_CONTRACT_ADDRESS>

Options:
      --subnet-id <SUBNET_ID>
          SubnetId of the local subnet node [env: TOPOS_LOCAL_SUBNET_ID=] [default: 0000000000000000000000000000000000000000000000000000000000000000]
  -v, --verbose...
          
      --subnet-jsonrpc-endpoint <SUBNET_JSONRPC_ENDPOINT>
          [env: SUBNET_JSONRPC_ENDPOINT=] [default: 127.0.0.1:8545]
      --subnet-contract-address <SUBNET_CONTRACT_ADDRESS>
          [env: SUBNET_CONTRACT_ADDRESS=]
      --base-tce-api-url <BASE_TCE_API_URL>
          Base Uri of TCE node to call grpc service api [env: TOPOS_BASE_TCE_API_URL=] [default: http://[::1]:1340]
      --keystore-file <KEYSTORE_FILE>
          Keystore file [env: TOPOS_SEQUENCER_KEYSTORE_FILE=] [default: topos-sequencer-keystore.json]
      --keystore-password <KEYSTORE_PASSWORD>
          Keystore file password. If this parameter is not provided password prompt will be opened [env: TOPOS_SEQUENCER_KEYSTORE_PASSWORD=]
  -h, --help
          Print help information

