---
source: crates/topos/tests/tce.rs
expression: "serde_json::from_slice::<serde_json::Value>(&output.get_output().stdout).unwrap()"
---
{
  "fields": {
    "message": "Pushing an empty list is prevented unless you provide the --force flag"
  },
  "level": "ERROR",
  "target": "topos::components::tce::services::push_peer_list",
  "timestamp": "[timestamp]"
}
