---
source: crates/topos/tests/tce.rs
expression: result
---
Run a full TCE instance

Usage: topos tce run [OPTIONS]

Options:
      --boot-peers <BOOT_PEERS>
          Boot nodes to connect to, pairs of <PeerId> <Multiaddr>, space separated, quoted list like --boot-peers='a a1,b b1' [env: TCE_BOOT_PEERS=] [default: ]
  -e, --endpoint <ENDPOINT>
          [default: http://[::1]:1340]
  -v, --verbose...
          
      --tce-ext-host <TCE_EXT_HOST>
          Advertised (externally visible) <host>, if empty this machine ip address(es) are used [env: TCE_EXT_HOST=] [default: /ip4/0.0.0.0]
      --tce-local-port <TCE_LOCAL_PORT>
          Port to listen on (host is 0.0.0.0, should be good for most installations) [env: TCE_PORT=] [default: 0]
      --web-api-ext-url <WEB_API_EXT_URL>
          WebAPI external url <host|address:port> (optional) [env: TCE_WEB_API_EXT_URL=]
      --web-api-local-port <WEB_API_LOCAL_PORT>
          WebAPI port [env: TCE_WEB_API_PORT=] [default: 8080]
      --local-key-seed <LOCAL_KEY_SEED>
          Local peer secret key seed (optional, used for testing) [env: TCE_LOCAL_KS=]
      --local-key-pair <LOCAL_KEY_PAIR>
          Local peer key-pair (in base64 format) [env: TCE_LOCAL_KEYPAIR=]
      --db-path <DB_PATH>
          Storage database path, if not set RAM storage is used [env: TCE_DB_PATH=] [default: ./default_db/]
      --jaeger-agent <JAEGER_AGENT>
          Socket of the Jaeger agent endpoint [env: TCE_JAEGER_AGENT=] [default: http://otel-collector:4317]
      --jaeger-service-name <JAEGER_SERVICE_NAME>
          Jaeger service name [env: TCE_JAEGER_SERVICE_NAME=] [default: topos]
      --api-addr <API_ADDR>
          gRPC API Addr [env: TCE_API_ADDR=] [default: [::1]:1340]
      --echo-threshold <ECHO_THRESHOLD>
          Echo threshold [env: TCE_ECHO_THRESHOLD=] [default: 1]
      --echo-sample-size <ECHO_SAMPLE_SIZE>
          Echo sample size [env: TCE_ECHO_SAMPLE_SIZE=] [default: 1]
      --ready-threshold <READY_THRESHOLD>
          Ready threshold [env: TCE_READY_THRESHOLD=] [default: 1]
      --ready-sample-size <READY_SAMPLE_SIZE>
          Ready sample size [env: TCE_READY_SAMPLE_SIZE=] [default: 1]
      --delivery-threshold <DELIVERY_THRESHOLD>
          Delivery threshold [env: TCE_DELIVERY_THRESHOLD=] [default: 1]
      --delivery-sample-size <DELIVERY_SAMPLE_SIZE>
          Delivery sample size [env: TCE_DELIVERY_SAMPLE_SIZE=] [default: 1]
  -h, --help
          Print help

